// Jest Snapshot v1, https://goo.gl/fbAQLP

exports[`shared : Navigation renders correctly 1`] = `
<div>
  <header
    class="navigation"
  >
    <div
      class="NameTagWrapper"
      unselectable="on"
    >
      <span
        class="firstName"
      >
        <span>
          Ollie
        </span>
        <span>
          @Oily
        </span>
      </span>
      <span>
         
      </span>
      <span
        class="lastName"
      >
        <span>
          Crook
        </span>
        <span>
          Quack
        </span>
      </span>
    </div>
  </header>
</div>
`;
