// Jest Snapshot v1, https://goo.gl/fbAQLP

exports[`shared : Navigation : components : NameTag renders correctly 1`] = `
<div>
  <div
    class="NameTag"
    unselectable="on"
  >
    <span
      class="firstName"
    >
      <span>
        Ollie
      </span>
      <span>
        @Oily
      </span>
    </span>
    <span>
       
    </span>
    <span
      class="lastName"
    >
      <span>
        Crook
      </span>
      <span>
        Quack
      </span>
    </span>
  </div>
</div>
`;
